=============================================
   phosphor-hwmon 1.0: test/test-suite.log
=============================================

# TOTAL: 0
# PASS:  0
# SKIP:  0
# XFAIL: 0
# FAIL:  0
# XPASS: 0
# ERROR: 0

.. contents:: :depth: 2

